--- /shouldbe_blk.d82.hex
+++ /blk.d82.hex
@@ -71,15 +71,11 @@
 00043d10  41 42 43 44 45 5f 46 49  4c 45 33 35 36 37 38 39  |ABCDE_FILE356789|
 *
 00043df0  41 42 43 44 45 5f 30 31  32 33 34 35 36 37 38 39  |ABCDE_0123456789|
-00043e00  00 02 43 49 4c 45 32 35  36 37 38 39 41 42 43 44  |..CILE256789ABCD|
-00043e10  45 5f 46 49 4c 45 32 35  36 37 38 39 41 42 43 44  |E_FILE256789ABCD|
+00043e00  00 02 43 00 00 00 00 00  00 00 00 00 00 00 00 00  |..C.............|
+00043e10  00 00 00 00 00 00 00 00  00 00 00 00 00 00 00 00  |................|
 *
-00043f00  00 00 00 00 00 00 00 00  00 00 00 00 00 00 00 00  |................|
-*
-00044200  00 03 41 42 46 49 4c 45  33 35 36 37 38 39 41 42  |..ABFILE356789AB|
-00044210  43 44 45 5f 46 49 4c 45  33 35 36 37 38 39 41 42  |CDE_FILE356789AB|
-*
-00044300  00 00 00 00 00 00 00 00  00 00 00 00 00 00 00 00  |................|
+00044200  00 03 41 42 00 00 00 00  00 00 00 00 00 00 00 00  |..AB............|
+00044210  00 00 00 00 00 00 00 00  00 00 00 00 00 00 00 00  |................|
 *
 00044e00  26 00 43 00 00 00 56 49  43 45 a0 a0 a0 a0 a0 a0  |&.C...VICE......|
 00044e10  a0 a0 a0 a0 a0 a0 a0 a0  30 31 a0 32 43 a0 a0 a0  |........01.2C...|
