--- /shouldbe_blk.d71.hex
+++ /blk.d71.hex
@@ -10,10 +10,8 @@
 *
 00015700  00 00 00 00 00 00 00 00  00 00 00 00 00 00 00 00  |................|
 *
-00015c00  00 02 43 31 32 33 34 35  36 37 38 39 41 42 43 44  |..C123456789ABCD|
-00015c10  45 5f 30 31 32 33 34 35  36 37 38 39 41 42 43 44  |E_0123456789ABCD|
-*
-00015d00  00 00 00 00 00 00 00 00  00 00 00 00 00 00 00 00  |................|
+00015c00  00 02 43 00 00 00 00 00  00 00 00 00 00 00 00 00  |..C.............|
+00015c10  00 00 00 00 00 00 00 00  00 00 00 00 00 00 00 00  |................|
 *
 00016500  12 01 41 80 15 ff ff 1f  15 ff ff 1f 15 ff ff 1f  |..A.............|
 00016510  15 ff ff 1f 15 ff ff 1f  15 ff ff 1f 15 ff ff 1f  |................|
