--- /shouldbe_blk.d64.hex
+++ /blk.d64.hex
@@ -10,8 +10,8 @@
 *
 00015b00  00 00 00 00 00 00 00 00  00 00 00 00 00 00 00 00  |................|
 *
-00016400  00 02 43 31 32 33 34 35  36 37 38 39 41 42 43 44  |..C123456789ABCD|
-00016410  45 5f 30 31 32 33 34 35  36 37 38 39 41 42 43 44  |E_0123456789ABCD|
+00016400  00 02 43 00 00 00 00 00  00 00 00 00 00 00 00 00  |..C.............|
+00016410  00 00 00 00 00 00 00 00  00 00 00 00 00 00 00 00  |................|
 *
 00016500  12 01 41 00 15 ff ff 1f  15 ff ff 1f 15 ff ff 1f  |..A.............|
 00016510  15 ff ff 1f 15 ff ff 1f  15 ff ff 1f 15 ff ff 1f  |................|
