--- /shouldbe_blk.d82.hex
+++ /blk.d82.hex
@@ -33,21 +33,8 @@
 000432e0  00 00 00 00 00 00 00 00  00 00 00 00 00 00 00 00  |................|
 000432f0  00 00 ff 00 00 00 00 00  00 00 00 00 00 00 00 00  |................|
 00043300  00 02 0d 00 00 00 00 00  00 00 00 00 00 00 00 00  |................|
-00043310  00 00 00 00 00 00 ff 00  00 00 00 00 00 00 00 00  |................|
-00043320  00 00 00 00 00 00 00 00  00 00 ff 00 00 00 00 00  |................|
-00043330  00 00 00 00 00 00 00 00  00 00 00 00 00 00 ff 00  |................|
-00043340  00 00 00 00 00 00 00 00  00 00 00 00 00 00 00 00  |................|
-00043350  00 00 ff 00 00 00 00 00  00 00 00 00 00 00 00 00  |................|
-00043360  00 00 00 00 00 00 ff 00  00 00 00 00 00 00 00 00  |................|
-00043370  00 00 00 00 00 00 00 00  00 00 ff 00 00 00 00 00  |................|
-00043380  00 00 00 00 00 00 00 00  00 00 00 00 00 00 ff 00  |................|
-00043390  00 00 00 00 00 00 00 00  00 00 00 00 00 00 00 00  |................|
-000433a0  00 00 ff 00 00 00 00 00  00 00 00 00 00 00 00 00  |................|
-000433b0  00 00 00 00 00 00 ff 00  00 00 00 00 00 00 00 00  |................|
-000433c0  00 00 00 00 00 00 00 00  00 00 ff 00 00 00 00 00  |................|
-000433d0  00 00 00 00 00 00 00 00  00 00 00 00 00 00 ff 00  |................|
-000433e0  00 00 00 00 00 00 00 00  00 00 00 00 00 00 00 00  |................|
-000433f0  00 00 ff 00 00 00 00 00  00 00 00 00 00 00 00 00  |................|
+00043310  00 00 00 00 00 00 00 00  00 00 00 00 00 00 00 00  |................|
+*
 00043400  26 06 43 00 33 65 1b ff  ff ff 07 1b ff ff ff 07  |&.C.3e..........|
 00043410  1b ff ff ff 07 19 ff ff  ff 01 19 ff ff ff 01 19  |................|
 00043420  ff ff ff 01 19 ff ff ff  01 19 ff ff ff 01 19 ff  |................|
@@ -122,11 +109,11 @@
 00044e30  00 00 00 00 00 00 00 00  00 00 00 00 00 00 00 00  |................|
 *
 00044f00  00 ff 84 26 01 46 49 4c  45 31 a0 a0 a0 a0 a0 a0  |...&.FILE1......|
-00044f10  a0 a0 a0 a0 a0 26 08 14  00 00 00 00 00 00 00 00  |.....&..........|
+00044f10  a0 a0 a0 a0 a0 26 08 14  00 00 00 00 00 00 03 00  |.....&..........|
 00044f20  00 00 81 26 02 46 49 4c  45 32 a0 a0 a0 a0 a0 a0  |...&.FILE2......|
 00044f30  a0 a0 a0 a0 a0 00 00 00  00 00 00 00 00 00 01 00  |................|
 00044f40  00 00 84 26 04 46 49 4c  45 33 a0 a0 a0 a0 a0 a0  |...&.FILE3......|
-00044f50  a0 a0 a0 a0 a0 26 0b 14  00 00 00 00 00 00 00 00  |.....&..........|
+00044f50  a0 a0 a0 a0 a0 26 0b 14  00 00 00 00 00 00 03 00  |.....&..........|
 00044f60  00 00 00 00 00 00 00 00  00 00 00 00 00 00 00 00  |................|
 *
 00104600
