--- /shouldbe_blk.d81.hex
+++ /blk.d81.hex
@@ -3,9 +3,8 @@
 0005f000  27 01 30 31 32 33 34 35  36 37 38 39 41 42 43 44  |'.0123456789ABCD|
 0005f010  45 5f 30 31 32 33 34 35  36 37 38 39 41 42 43 44  |E_0123456789ABCD|
 *
-0005f100  00 02 45 27 00 46 49 4c  45 a0 a0 a0 a0 a0 a0 a0  |..E'.FILE.......|
-0005f110  a0 a0 a0 a0 a0 00 00 00  00 00 00 00 00 00 00 00  |................|
-0005f120  00 00 00 00 00 00 00 00  00 00 00 00 00 00 00 00  |................|
+0005f100  00 02 45 00 00 00 00 00  00 00 00 00 00 00 00 00  |..E.............|
+0005f110  00 00 00 00 00 00 00 00  00 00 00 00 00 00 00 00  |................|
 *
 00061800  28 03 44 00 56 49 43 45  a0 a0 a0 a0 a0 a0 a0 a0  |(.D.VICE........|
 00061810  a0 a0 a0 a0 a0 a0 30 31  a0 33 44 a0 a0 00 00 00  |......01.3D.....|
