--- /shouldbe_blk.d71.hex
+++ /blk.d71.hex
@@ -21,15 +21,11 @@
 00015c10  41 42 43 44 45 5f 46 49  4c 45 33 35 36 37 38 39  |ABCDE_FILE356789|
 *
 00015cf0  41 42 43 44 45 5f 30 31  32 33 34 35 36 37 38 39  |ABCDE_0123456789|
-00015d00  00 02 43 49 4c 45 32 35  36 37 38 39 41 42 43 44  |..CILE256789ABCD|
-00015d10  45 5f 46 49 4c 45 32 35  36 37 38 39 41 42 43 44  |E_FILE256789ABCD|
+00015d00  00 02 43 00 00 00 00 00  00 00 00 00 00 00 00 00  |..C.............|
+00015d10  00 00 00 00 00 00 00 00  00 00 00 00 00 00 00 00  |................|
 *
-00015e00  00 00 00 00 00 00 00 00  00 00 00 00 00 00 00 00  |................|
-*
-00016200  00 03 41 42 46 49 4c 45  33 35 36 37 38 39 41 42  |..ABFILE356789AB|
-00016210  43 44 45 5f 46 49 4c 45  33 35 36 37 38 39 41 42  |CDE_FILE356789AB|
-*
-00016300  00 00 00 00 00 00 00 00  00 00 00 00 00 00 00 00  |................|
+00016200  00 03 41 42 00 00 00 00  00 00 00 00 00 00 00 00  |..AB............|
+00016210  00 00 00 00 00 00 00 00  00 00 00 00 00 00 00 00  |................|
 *
 00016500  12 01 41 80 15 ff ff 1f  15 ff ff 1f 15 ff ff 1f  |..A.............|
 00016510  15 ff ff 1f 15 ff ff 1f  15 ff ff 1f 15 ff ff 1f  |................|
