--- /shouldbe_blk.d71.hex
+++ /blk.d71.hex
@@ -8,7 +8,7 @@
 *
 00015200  00 00 00 00 00 00 00 00  00 00 00 00 00 00 00 00  |................|
 *
-00015600  11 0e 45 5f 46 49 4c 45  33 35 36 37 38 39 41 42  |..E_FILE356789AB|
+00015600  11 0c 45 5f 46 49 4c 45  33 35 36 37 38 39 41 42  |..E_FILE356789AB|
 00015610  43 44 45 5f 46 49 4c 45  33 35 36 37 38 39 41 42  |CDE_FILE356789AB|
 *
 00015700  00 ff 45 5f 46 49 4c 45  32 35 36 37 38 39 41 42  |..E_FILE256789AB|
@@ -17,19 +17,21 @@
 000157f0  43 44 45 5f 30 31 32 33  34 35 36 37 38 39 41 42  |CDE_0123456789AB|
 00015800  00 00 00 00 00 00 00 00  00 00 00 00 00 00 00 00  |................|
 *
-00015e00  11 14 43 44 45 5f 46 49  4c 45 33 35 36 37 38 39  |..CDE_FILE356789|
-00015e10  41 42 43 44 45 5f 46 49  4c 45 33 35 36 37 38 39  |ABCDE_FILE356789|
+00015c00  11 12 43 44 45 5f 46 49  4c 45 33 35 36 37 38 39  |..CDE_FILE356789|
+00015c10  41 42 43 44 45 5f 46 49  4c 45 33 35 36 37 38 39  |ABCDE_FILE356789|
 *
-00015ef0  41 42 43 44 45 5f 30 31  32 33 34 35 36 37 38 39  |ABCDE_0123456789|
-00015f00  00 00 00 00 00 00 00 00  00 00 00 00 00 00 00 00  |................|
+00015cf0  41 42 43 44 45 5f 30 31  32 33 34 35 36 37 38 39  |ABCDE_0123456789|
+00015d00  00 00 00 00 00 00 00 00  00 00 00 00 00 00 00 00  |................|
 *
-00016400  00 03 41 42 46 49 4c 45  33 35 36 37 38 39 41 42  |..ABFILE356789AB|
-00016410  43 44 45 5f 46 49 4c 45  33 35 36 37 38 39 41 42  |CDE_FILE356789AB|
+00016200  00 03 41 42 46 49 4c 45  33 35 36 37 38 39 41 42  |..ABFILE356789AB|
+00016210  43 44 45 5f 46 49 4c 45  33 35 36 37 38 39 41 42  |CDE_FILE356789AB|
+*
+00016300  00 00 00 00 00 00 00 00  00 00 00 00 00 00 00 00  |................|
 *
 00016500  12 01 41 80 15 ff ff 1f  15 ff ff 1f 15 ff ff 1f  |..A.............|
 00016510  15 ff ff 1f 15 ff ff 1f  15 ff ff 1f 15 ff ff 1f  |................|
 *
-00016540  15 ff ff 1f 0d 3c 8f 0f  11 fc ff 07 13 ff ff 07  |.....<..........|
+00016540  15 ff ff 1f 0f 3c ef 1b  11 fc ff 07 13 ff ff 07  |.....<..........|
 00016550  13 ff ff 07 13 ff ff 07  13 ff ff 07 13 ff ff 07  |................|
 00016560  13 ff ff 07 12 ff ff 03  12 ff ff 03 12 ff ff 03  |................|
 00016570  12 ff ff 03 12 ff ff 03  12 ff ff 03 11 ff ff 01  |................|
