--- /shouldbe_blk.d82.hex
+++ /blk.d82.hex
@@ -64,10 +64,8 @@
 00043a10  17 ff ff 7f 00 17 ff ff  7f 00 00 00 00 00 00 00  |................|
 00043a20  00 00 00 00 00 00 00 00  00 00 00 00 00 00 00 00  |................|
 *
-00043d00  00 02 43 31 32 33 34 35  36 37 38 39 41 42 43 44  |..C123456789ABCD|
-00043d10  45 5f 30 31 32 33 34 35  36 37 38 39 41 42 43 44  |E_0123456789ABCD|
-*
-00043e00  00 00 00 00 00 00 00 00  00 00 00 00 00 00 00 00  |................|
+00043d00  00 02 43 00 00 00 00 00  00 00 00 00 00 00 00 00  |..C.............|
+00043d10  00 00 00 00 00 00 00 00  00 00 00 00 00 00 00 00  |................|
 *
 00044e00  26 00 43 00 00 00 56 49  43 45 a0 a0 a0 a0 a0 a0  |&.C...VICE......|
 00044e10  a0 a0 a0 a0 a0 a0 a0 a0  30 31 a0 32 43 a0 a0 a0  |........01.2C...|
