--- /shouldbe_blk.d82.hex
+++ /blk.d82.hex
@@ -422,107 +422,107 @@
 00044e30  00 00 00 00 00 00 00 00  00 00 00 00 00 00 00 00  |................|
 *
 00044f00  27 04 84 26 01 46 49 4c  45 30 30 31 a0 a0 a0 a0  |'..&.FILE001....|
-00044f10  a0 a0 a0 a0 a0 26 08 7f  00 00 00 00 00 00 00 00  |.....&..........|
+00044f10  a0 a0 a0 a0 a0 26 08 7f  00 00 00 00 00 00 03 00  |.....&..........|
 00044f20  00 00 84 26 02 46 49 4c  45 30 30 32 a0 a0 a0 a0  |...&.FILE002....|
-00044f30  a0 a0 a0 a0 a0 26 0b 7f  00 00 00 00 00 00 00 00  |.....&..........|
+00044f30  a0 a0 a0 a0 a0 26 0b 7f  00 00 00 00 00 00 03 00  |.....&..........|
 00044f40  00 00 84 26 04 46 49 4c  45 30 30 33 a0 a0 a0 a0  |...&.FILE003....|
-00044f50  a0 a0 a0 a0 a0 26 0d 7f  00 00 00 00 00 00 00 00  |.....&..........|
+00044f50  a0 a0 a0 a0 a0 26 0d 7f  00 00 00 00 00 00 03 00  |.....&..........|
 00044f60  00 00 84 26 05 46 49 4c  45 30 30 34 a0 a0 a0 a0  |...&.FILE004....|
-00044f70  a0 a0 a0 a0 a0 26 0f 7f  00 00 00 00 00 00 00 00  |.....&..........|
+00044f70  a0 a0 a0 a0 a0 26 0f 7f  00 00 00 00 00 00 03 00  |.....&..........|
 00044f80  00 00 84 26 10 46 49 4c  45 30 30 35 a0 a0 a0 a0  |...&.FILE005....|
-00044f90  a0 a0 a0 a0 a0 26 16 7f  00 00 00 00 00 00 00 00  |.....&..........|
+00044f90  a0 a0 a0 a0 a0 26 16 7f  00 00 00 00 00 00 03 00  |.....&..........|
 00044fa0  00 00 84 26 11 46 49 4c  45 30 30 36 a0 a0 a0 a0  |...&.FILE006....|
-00044fb0  a0 a0 a0 a0 a0 26 18 7f  00 00 00 00 00 00 00 00  |.....&..........|
+00044fb0  a0 a0 a0 a0 a0 26 18 7f  00 00 00 00 00 00 03 00  |.....&..........|
 00044fc0  00 00 84 26 12 46 49 4c  45 30 30 37 a0 a0 a0 a0  |...&.FILE007....|
-00044fd0  a0 a0 a0 a0 a0 26 1a 7f  00 00 00 00 00 00 00 00  |.....&..........|
+00044fd0  a0 a0 a0 a0 a0 26 1a 7f  00 00 00 00 00 00 03 00  |.....&..........|
 00044fe0  00 00 84 26 13 46 49 4c  45 30 30 38 a0 a0 a0 a0  |...&.FILE008....|
-00044ff0  a0 a0 a0 a0 a0 26 1c 7f  00 00 00 00 00 00 00 00  |.....&..........|
+00044ff0  a0 a0 a0 a0 a0 26 1c 7f  00 00 00 00 00 00 03 00  |.....&..........|
 00045000  00 00 00 00 00 00 00 00  00 00 00 00 00 00 00 00  |................|
 *
 00045200  27 07 84 26 14 46 49 4c  45 30 30 39 a0 a0 a0 a0  |'..&.FILE009....|
-00045210  a0 a0 a0 a0 a0 25 1a 7f  00 00 00 00 00 00 00 00  |.....%..........|
+00045210  a0 a0 a0 a0 a0 25 1a 7f  00 00 00 00 00 00 03 00  |.....%..........|
 00045220  00 00 84 28 00 46 49 4c  45 30 31 30 a0 a0 a0 a0  |...(.FILE010....|
-00045230  a0 a0 a0 a0 a0 28 06 7f  00 00 00 00 00 00 00 00  |.....(..........|
+00045230  a0 a0 a0 a0 a0 28 06 7f  00 00 00 00 00 00 03 00  |.....(..........|
 00045240  00 00 84 28 01 46 49 4c  45 30 31 31 a0 a0 a0 a0  |...(.FILE011....|
-00045250  a0 a0 a0 a0 a0 28 08 7f  00 00 00 00 00 00 00 00  |.....(..........|
+00045250  a0 a0 a0 a0 a0 28 08 7f  00 00 00 00 00 00 03 00  |.....(..........|
 00045260  00 00 84 28 02 46 49 4c  45 30 31 32 a0 a0 a0 a0  |...(.FILE012....|
-00045270  a0 a0 a0 a0 a0 28 0a 7f  00 00 00 00 00 00 00 00  |.....(..........|
+00045270  a0 a0 a0 a0 a0 28 0a 7f  00 00 00 00 00 00 03 00  |.....(..........|
 00045280  00 00 84 28 03 46 49 4c  45 30 31 33 a0 a0 a0 a0  |...(.FILE013....|
-00045290  a0 a0 a0 a0 a0 28 0c 7f  00 00 00 00 00 00 00 00  |.....(..........|
+00045290  a0 a0 a0 a0 a0 28 0c 7f  00 00 00 00 00 00 03 00  |.....(..........|
 000452a0  00 00 84 28 04 46 49 4c  45 30 31 34 a0 a0 a0 a0  |...(.FILE014....|
-000452b0  a0 a0 a0 a0 a0 28 0e 7f  00 00 00 00 00 00 00 00  |.....(..........|
+000452b0  a0 a0 a0 a0 a0 28 0e 7f  00 00 00 00 00 00 03 00  |.....(..........|
 000452c0  00 00 84 28 0f 46 49 4c  45 30 31 35 a0 a0 a0 a0  |...(.FILE015....|
-000452d0  a0 a0 a0 a0 a0 28 15 7f  00 00 00 00 00 00 00 00  |.....(..........|
+000452d0  a0 a0 a0 a0 a0 28 15 7f  00 00 00 00 00 00 03 00  |.....(..........|
 000452e0  00 00 84 28 10 46 49 4c  45 30 31 36 a0 a0 a0 a0  |...(.FILE016....|
-000452f0  a0 a0 a0 a0 a0 28 17 7f  00 00 00 00 00 00 00 00  |.....(..........|
+000452f0  a0 a0 a0 a0 a0 28 17 7f  00 00 00 00 00 00 03 00  |.....(..........|
 00045300  00 00 00 00 00 00 00 00  00 00 00 00 00 00 00 00  |................|
 *
 00045500  27 0a 84 28 11 46 49 4c  45 30 31 37 a0 a0 a0 a0  |'..(.FILE017....|
-00045510  a0 a0 a0 a0 a0 28 19 7f  00 00 00 00 00 00 00 00  |.....(..........|
+00045510  a0 a0 a0 a0 a0 28 19 7f  00 00 00 00 00 00 03 00  |.....(..........|
 00045520  00 00 84 28 12 46 49 4c  45 30 31 38 a0 a0 a0 a0  |...(.FILE018....|
-00045530  a0 a0 a0 a0 a0 28 13 7f  00 00 00 00 00 00 00 00  |.....(..........|
+00045530  a0 a0 a0 a0 a0 28 13 7f  00 00 00 00 00 00 03 00  |.....(..........|
 00045540  00 00 84 25 00 46 49 4c  45 30 31 39 a0 a0 a0 a0  |...%.FILE019....|
-00045550  a0 a0 a0 a0 a0 25 06 7f  00 00 00 00 00 00 00 00  |.....%..........|
+00045550  a0 a0 a0 a0 a0 25 06 7f  00 00 00 00 00 00 03 00  |.....%..........|
 00045560  00 00 84 25 01 46 49 4c  45 30 32 30 a0 a0 a0 a0  |...%.FILE020....|
-00045570  a0 a0 a0 a0 a0 25 08 7f  00 00 00 00 00 00 00 00  |.....%..........|
+00045570  a0 a0 a0 a0 a0 25 08 7f  00 00 00 00 00 00 03 00  |.....%..........|
 00045580  00 00 84 25 02 46 49 4c  45 30 32 31 a0 a0 a0 a0  |...%.FILE021....|
-00045590  a0 a0 a0 a0 a0 25 0a 7f  00 00 00 00 00 00 00 00  |.....%..........|
+00045590  a0 a0 a0 a0 a0 25 0a 7f  00 00 00 00 00 00 03 00  |.....%..........|
 000455a0  00 00 84 25 03 46 49 4c  45 30 32 32 a0 a0 a0 a0  |...%.FILE022....|
-000455b0  a0 a0 a0 a0 a0 25 0c 7f  00 00 00 00 00 00 00 00  |.....%..........|
+000455b0  a0 a0 a0 a0 a0 25 0c 7f  00 00 00 00 00 00 03 00  |.....%..........|
 000455c0  00 00 84 25 04 46 49 4c  45 30 32 33 a0 a0 a0 a0  |...%.FILE023....|
-000455d0  a0 a0 a0 a0 a0 25 0e 7f  00 00 00 00 00 00 00 00  |.....%..........|
+000455d0  a0 a0 a0 a0 a0 25 0e 7f  00 00 00 00 00 00 03 00  |.....%..........|
 000455e0  00 00 84 25 0f 46 49 4c  45 30 32 34 a0 a0 a0 a0  |...%.FILE024....|
-000455f0  a0 a0 a0 a0 a0 25 15 7f  00 00 00 00 00 00 00 00  |.....%..........|
+000455f0  a0 a0 a0 a0 a0 25 15 7f  00 00 00 00 00 00 03 00  |.....%..........|
 00045600  00 00 00 00 00 00 00 00  00 00 00 00 00 00 00 00  |................|
 *
 00045800  27 0d 84 25 10 46 49 4c  45 30 32 35 a0 a0 a0 a0  |'..%.FILE025....|
-00045810  a0 a0 a0 a0 a0 25 17 7f  00 00 00 00 00 00 00 00  |.....%..........|
+00045810  a0 a0 a0 a0 a0 25 17 7f  00 00 00 00 00 00 03 00  |.....%..........|
 00045820  00 00 84 25 11 46 49 4c  45 30 32 36 a0 a0 a0 a0  |...%.FILE026....|
-00045830  a0 a0 a0 a0 a0 25 1b 7f  00 00 00 00 00 00 00 00  |.....%..........|
+00045830  a0 a0 a0 a0 a0 25 1b 7f  00 00 00 00 00 00 03 00  |.....%..........|
 00045840  00 00 84 25 12 46 49 4c  45 30 32 37 a0 a0 a0 a0  |...%.FILE027....|
-00045850  a0 a0 a0 a0 a0 25 13 7f  00 00 00 00 00 00 00 00  |.....%..........|
+00045850  a0 a0 a0 a0 a0 25 13 7f  00 00 00 00 00 00 03 00  |.....%..........|
 00045860  00 00 84 29 00 46 49 4c  45 30 32 38 a0 a0 a0 a0  |...).FILE028....|
-00045870  a0 a0 a0 a0 a0 29 06 7f  00 00 00 00 00 00 00 00  |.....)..........|
+00045870  a0 a0 a0 a0 a0 29 06 7f  00 00 00 00 00 00 03 00  |.....)..........|
 00045880  00 00 84 29 01 46 49 4c  45 30 32 39 a0 a0 a0 a0  |...).FILE029....|
-00045890  a0 a0 a0 a0 a0 29 08 7f  00 00 00 00 00 00 00 00  |.....)..........|
+00045890  a0 a0 a0 a0 a0 29 08 7f  00 00 00 00 00 00 03 00  |.....)..........|
 000458a0  00 00 84 29 02 46 49 4c  45 30 33 30 a0 a0 a0 a0  |...).FILE030....|
-000458b0  a0 a0 a0 a0 a0 29 0a 7f  00 00 00 00 00 00 00 00  |.....)..........|
+000458b0  a0 a0 a0 a0 a0 29 0a 7f  00 00 00 00 00 00 03 00  |.....)..........|
 000458c0  00 00 84 29 03 46 49 4c  45 30 33 31 a0 a0 a0 a0  |...).FILE031....|
-000458d0  a0 a0 a0 a0 a0 29 0c 7f  00 00 00 00 00 00 00 00  |.....)..........|
+000458d0  a0 a0 a0 a0 a0 29 0c 7f  00 00 00 00 00 00 03 00  |.....)..........|
 000458e0  00 00 84 29 04 46 49 4c  45 30 33 32 a0 a0 a0 a0  |...).FILE032....|
-000458f0  a0 a0 a0 a0 a0 29 0e 7f  00 00 00 00 00 00 00 00  |.....)..........|
+000458f0  a0 a0 a0 a0 a0 29 0e 7f  00 00 00 00 00 00 03 00  |.....)..........|
 00045900  00 00 00 00 00 00 00 00  00 00 00 00 00 00 00 00  |................|
 *
 00045b00  27 10 84 29 0f 46 49 4c  45 30 33 33 a0 a0 a0 a0  |'..).FILE033....|
-00045b10  a0 a0 a0 a0 a0 29 15 7f  00 00 00 00 00 00 00 00  |.....)..........|
+00045b10  a0 a0 a0 a0 a0 29 15 7f  00 00 00 00 00 00 03 00  |.....)..........|
 00045b20  00 00 84 29 10 46 49 4c  45 30 33 34 a0 a0 a0 a0  |...).FILE034....|
-00045b30  a0 a0 a0 a0 a0 29 17 7f  00 00 00 00 00 00 00 00  |.....)..........|
+00045b30  a0 a0 a0 a0 a0 29 17 7f  00 00 00 00 00 00 03 00  |.....)..........|
 00045b40  00 00 84 29 11 46 49 4c  45 30 33 35 a0 a0 a0 a0  |...).FILE035....|
-00045b50  a0 a0 a0 a0 a0 29 19 7f  00 00 00 00 00 00 00 00  |.....)..........|
+00045b50  a0 a0 a0 a0 a0 29 19 7f  00 00 00 00 00 00 03 00  |.....)..........|
 00045b60  00 00 84 29 12 46 49 4c  45 30 33 36 a0 a0 a0 a0  |...).FILE036....|
-00045b70  a0 a0 a0 a0 a0 29 13 7f  00 00 00 00 00 00 00 00  |.....)..........|
+00045b70  a0 a0 a0 a0 a0 29 13 7f  00 00 00 00 00 00 03 00  |.....)..........|
 00045b80  00 00 84 24 00 46 49 4c  45 30 33 37 a0 a0 a0 a0  |...$.FILE037....|
-00045b90  a0 a0 a0 a0 a0 24 06 7f  00 00 00 00 00 00 00 00  |.....$..........|
+00045b90  a0 a0 a0 a0 a0 24 06 7f  00 00 00 00 00 00 03 00  |.....$..........|
 00045ba0  00 00 84 24 01 46 49 4c  45 30 33 38 a0 a0 a0 a0  |...$.FILE038....|
-00045bb0  a0 a0 a0 a0 a0 24 08 7f  00 00 00 00 00 00 00 00  |.....$..........|
+00045bb0  a0 a0 a0 a0 a0 24 08 7f  00 00 00 00 00 00 03 00  |.....$..........|
 00045bc0  00 00 84 24 02 46 49 4c  45 30 33 39 a0 a0 a0 a0  |...$.FILE039....|
-00045bd0  a0 a0 a0 a0 a0 24 0a 7f  00 00 00 00 00 00 00 00  |.....$..........|
+00045bd0  a0 a0 a0 a0 a0 24 0a 7f  00 00 00 00 00 00 03 00  |.....$..........|
 00045be0  00 00 84 24 03 46 49 4c  45 30 34 30 a0 a0 a0 a0  |...$.FILE040....|
-00045bf0  a0 a0 a0 a0 a0 24 0c 7f  00 00 00 00 00 00 00 00  |.....$..........|
+00045bf0  a0 a0 a0 a0 a0 24 0c 7f  00 00 00 00 00 00 03 00  |.....$..........|
 00045c00  00 00 00 00 00 00 00 00  00 00 00 00 00 00 00 00  |................|
 *
 00045e00  00 ff 84 24 04 46 49 4c  45 30 34 31 a0 a0 a0 a0  |...$.FILE041....|
-00045e10  a0 a0 a0 a0 a0 24 0e 7f  00 00 00 00 00 00 00 00  |.....$..........|
+00045e10  a0 a0 a0 a0 a0 24 0e 7f  00 00 00 00 00 00 03 00  |.....$..........|
 00045e20  00 00 84 24 0f 46 49 4c  45 30 34 32 a0 a0 a0 a0  |...$.FILE042....|
-00045e30  a0 a0 a0 a0 a0 24 15 7f  00 00 00 00 00 00 00 00  |.....$..........|
+00045e30  a0 a0 a0 a0 a0 24 15 7f  00 00 00 00 00 00 03 00  |.....$..........|
 00045e40  00 00 84 24 10 46 49 4c  45 30 34 33 a0 a0 a0 a0  |...$.FILE043....|
-00045e50  a0 a0 a0 a0 a0 24 17 7f  00 00 00 00 00 00 00 00  |.....$..........|
+00045e50  a0 a0 a0 a0 a0 24 17 7f  00 00 00 00 00 00 03 00  |.....$..........|
 00045e60  00 00 84 24 11 46 49 4c  45 30 34 34 a0 a0 a0 a0  |...$.FILE044....|
-00045e70  a0 a0 a0 a0 a0 24 19 7f  00 00 00 00 00 00 00 00  |.....$..........|
+00045e70  a0 a0 a0 a0 a0 24 19 7f  00 00 00 00 00 00 03 00  |.....$..........|
 00045e80  00 00 84 24 12 46 49 4c  45 30 34 35 a0 a0 a0 a0  |...$.FILE045....|
-00045e90  a0 a0 a0 a0 a0 24 1b 7f  00 00 00 00 00 00 00 00  |.....$..........|
+00045e90  a0 a0 a0 a0 a0 24 1b 7f  00 00 00 00 00 00 03 00  |.....$..........|
 00045ea0  00 00 84 24 13 46 49 4c  45 30 34 36 a0 a0 a0 a0  |...$.FILE046....|
-00045eb0  a0 a0 a0 a0 a0 23 18 7f  00 00 00 00 00 00 00 00  |.....#..........|
+00045eb0  a0 a0 a0 a0 a0 23 18 7f  00 00 00 00 00 00 03 00  |.....#..........|
 00045ec0  00 00 00 00 00 00 00 00  00 00 00 00 00 00 00 00  |................|
 *
 00046b00  00 ff ff 00 00 00 00 00  00 00 00 00 00 00 00 00  |................|
