--- /shouldbe_blk.d64.hex
+++ /blk.d64.hex
@@ -18,7 +18,7 @@
 00014800  00 fd 43 44 45 5f 30 31  32 33 34 35 36 37 38 39  |..CDE_0123456789|
 00014810  41 42 43 44 45 5f 30 31  32 33 34 35 36 37 38 39  |ABCDE_0123456789|
 *
-000148f0  41 42 43 44 45 5f 30 31  32 33 34 35 36 37 43 44  |ABCDE_01234567CD|
+000148f0  41 42 43 44 45 5f 30 31  32 33 34 35 36 37 00 00  |ABCDE_01234567..|
 00014900  00 00 00 00 00 00 00 00  00 00 00 00 00 00 00 00  |................|
 *
 00014a00  10 03 30 31 32 33 34 35  36 37 38 39 41 42 43 44  |..0123456789ABCD|
