--- /shouldbe_blk.d71.hex
+++ /blk.d71.hex
@@ -11,20 +11,16 @@
 *
 00013f00  00 00 00 00 00 00 00 00  00 00 00 00 00 00 00 00  |................|
 *
-00014100  00 05 38 39 41 42 46 49  4c 45 32 35 36 37 38 39  |..89ABFILE256789|
-00014110  41 42 43 44 45 5f 46 49  4c 45 32 35 36 37 38 39  |ABCDE_FILE256789|
-*
-00014200  00 00 00 00 00 00 00 00  00 00 00 00 00 00 00 00  |................|
+00014100  00 05 38 39 41 42 00 00  00 00 00 00 00 00 00 00  |..89AB..........|
+00014110  00 00 00 00 00 00 00 00  00 00 00 00 00 00 00 00  |................|
 *
 00014400  10 0f 45 5f 46 49 4c 45  32 35 36 37 38 39 41 42  |..E_FILE256789AB|
 00014410  43 44 45 5f 46 49 4c 45  32 35 36 37 38 39 41 42  |CDE_FILE256789AB|
 *
 00014500  00 00 00 00 00 00 00 00  00 00 00 00 00 00 00 00  |................|
 *
-00014800  00 07 36 37 38 39 41 42  46 49 4c 45 33 35 36 37  |..6789ABFILE3567|
-00014810  38 39 41 42 43 44 45 5f  46 49 4c 45 33 35 36 37  |89ABCDE_FILE3567|
-*
-00014900  00 00 00 00 00 00 00 00  00 00 00 00 00 00 00 00  |................|
+00014800  00 07 36 37 38 39 41 42  00 00 00 00 00 00 00 00  |..6789AB........|
+00014810  00 00 00 00 00 00 00 00  00 00 00 00 00 00 00 00  |................|
 *
 00014a00  10 00 43 44 45 5f 46 49  4c 45 32 35 36 37 38 39  |..CDE_FILE256789|
 00014a10  41 42 43 44 45 5f 46 49  4c 45 32 35 36 37 38 39  |ABCDE_FILE256789|
