--- /shouldbe_rel.d82.hex
+++ /rel.d82.hex
@@ -79,7 +79,7 @@
 00044e30  00 00 00 00 00 00 00 00  00 00 00 00 00 00 00 00  |................|
 *
 00044f00  00 ff 84 26 01 52 45 4c  31 a0 a0 a0 a0 a0 a0 a0  |...&.REL1.......|
-00044f10  a0 a0 a0 a0 a0 26 08 40  00 00 00 00 00 00 00 00  |.....&.@........|
+00044f10  a0 a0 a0 a0 a0 26 08 40  00 00 00 00 00 00 03 00  |.....&.@........|
 00044f20  00 00 00 00 00 00 00 00  00 00 00 00 00 00 00 00  |................|
 *
 00104600
