--- /shouldbe_rel.d80.hex
+++ /rel.d80.hex
@@ -49,7 +49,7 @@
 00044e30  00 00 00 00 00 00 00 00  00 00 00 00 00 00 00 00  |................|
 *
 00044f00  00 ff 84 26 01 52 45 4c  31 a0 a0 a0 a0 a0 a0 a0  |...&.REL1.......|
-00044f10  a0 a0 a0 a0 a0 26 06 40  00 00 00 00 00 00 00 00  |.....&.@........|
+00044f10  a0 a0 a0 a0 a0 26 06 40  00 00 00 00 00 00 02 00  |.....&.@........|
 00044f20  00 00 00 00 00 00 00 00  00 00 00 00 00 00 00 00  |................|
 *
 00082300
