--- /shouldbe_rel2.d64.hex
+++ /rel2.d64.hex
@@ -29,7 +29,7 @@
 000165b0  00 00 00 00 00 00 00 00  00 00 00 00 00 00 00 00  |................|
 *
 00016600  00 ff 84 11 00 52 45 4c  31 a0 a0 a0 a0 a0 a0 a0  |.....REL1.......|
-00016610  a0 a0 a0 a0 a0 11 0a 40  00 00 00 00 00 00 00 00  |.......@........|
+00016610  a0 a0 a0 a0 a0 11 0a 40  00 00 00 00 00 00 02 00  |.......@........|
 00016620  00 00 00 00 00 00 00 00  00 00 00 00 00 00 00 00  |................|
 *
 0002ab00
