--- /shouldbe_blk.d64.hex
+++ /blk.d64.hex
@@ -1,6 +1,6 @@
 00000000  00 00 00 00 00 00 00 00  00 00 00 00 00 00 00 00  |................|
 *
-00016500  12 01 41 00 15 ff ff 1f  15 ff ff 1f 15 ff ff 1f  |..A.............|
+00016500  12 01 41 00 12 f1 ff 1f  15 ff ff 1f 15 ff ff 1f  |..A.............|
 00016510  15 ff ff 1f 15 ff ff 1f  15 ff ff 1f 15 ff ff 1f  |................|
 *
 00016540  15 ff ff 1f 15 ff ff 1f  11 fc ff 07 13 ff ff 07  |................|
