--- /shouldbe_blk.d81.hex
+++ /blk.d81.hex
@@ -1,40 +1,31 @@
 00000000  00 00 00 00 00 00 00 00  00 00 00 00 00 00 00 00  |................|
 *
-0005f000  00 05 46 4f 4f 0d 43 45  a0 a0 a0 a0 a0 a0 a0 a0  |..FOO.CE........|
-0005f010  a0 a0 a0 a0 a0 a0 30 31  a0 33 44 a0 a0 00 00 00  |......01.3D.....|
-0005f020  00 00 00 00 00 00 00 00  00 00 00 00 00 00 00 00  |................|
-*
-0005f100  00 05 46 4f 4f 0d 43 45  a0 a0 a0 a0 a0 a0 a0 a0  |..FOO.CE........|
-0005f110  a0 a0 a0 a0 a0 a0 30 31  a0 33 44 a0 a0 00 00 00  |......01.3D.....|
-0005f120  00 00 00 00 00 00 00 00  00 00 00 00 00 00 00 00  |................|
-*
-0005f200  00 05 46 4f 4f 0d 43 45  a0 a0 a0 a0 a0 a0 a0 a0  |..FOO.CE........|
-0005f210  a0 a0 a0 a0 a0 a0 30 31  a0 33 44 a0 a0 00 00 00  |......01.3D.....|
-0005f220  00 00 00 00 00 00 00 00  00 00 00 00 00 00 00 00  |................|
-*
-0005f300  00 05 46 4f 4f 0d 43 45  a0 a0 a0 a0 a0 a0 a0 a0  |..FOO.CE........|
-0005f310  a0 a0 a0 a0 a0 a0 30 31  a0 33 44 a0 a0 00 00 00  |......01.3D.....|
-0005f320  00 00 00 00 00 00 00 00  00 00 00 00 00 00 00 00  |................|
-*
-0005f400  00 05 46 4f 4f 0d 43 45  a0 a0 a0 a0 a0 a0 a0 a0  |..FOO.CE........|
-0005f410  a0 a0 a0 a0 a0 a0 30 31  a0 33 44 a0 a0 00 00 00  |......01.3D.....|
-0005f420  00 00 00 00 00 00 00 00  00 00 00 00 00 00 00 00  |................|
-*
-0005f500  00 05 46 4f 4f 0d 43 45  a0 a0 a0 a0 a0 a0 a0 a0  |..FOO.CE........|
-0005f510  a0 a0 a0 a0 a0 a0 30 31  a0 33 44 a0 a0 00 00 00  |......01.3D.....|
-0005f520  00 00 00 00 00 00 00 00  00 00 00 00 00 00 00 00  |................|
-*
-0005f600  00 05 46 4f 4f 0d 43 45  a0 a0 a0 a0 a0 a0 a0 a0  |..FOO.CE........|
-0005f610  a0 a0 a0 a0 a0 a0 30 31  a0 33 44 a0 a0 00 00 00  |......01.3D.....|
-0005f620  00 00 00 00 00 00 00 00  00 00 00 00 00 00 00 00  |................|
-*
-0005f700  00 05 46 4f 4f 0d 43 45  a0 a0 a0 a0 a0 a0 a0 a0  |..FOO.CE........|
-0005f710  a0 a0 a0 a0 a0 a0 30 31  a0 33 44 a0 a0 00 00 00  |......01.3D.....|
-0005f720  00 00 00 00 00 00 00 00  00 00 00 00 00 00 00 00  |................|
-*
-0005f800  00 05 46 4f 4f 0d 43 45  a0 a0 a0 a0 a0 a0 a0 a0  |..FOO.CE........|
-0005f810  a0 a0 a0 a0 a0 a0 30 31  a0 33 44 a0 a0 00 00 00  |......01.3D.....|
-0005f820  00 00 00 00 00 00 00 00  00 00 00 00 00 00 00 00  |................|
+0005f000  00 05 46 4f 4f 0d 00 00  00 00 00 00 00 00 00 00  |..FOO...........|
+0005f010  00 00 00 00 00 00 00 00  00 00 00 00 00 00 00 00  |................|
+*
+0005f100  00 05 46 4f 4f 0d 00 00  00 00 00 00 00 00 00 00  |..FOO...........|
+0005f110  00 00 00 00 00 00 00 00  00 00 00 00 00 00 00 00  |................|
+*
+0005f200  00 05 46 4f 4f 0d 00 00  00 00 00 00 00 00 00 00  |..FOO...........|
+0005f210  00 00 00 00 00 00 00 00  00 00 00 00 00 00 00 00  |................|
+*
+0005f300  00 05 46 4f 4f 0d 00 00  00 00 00 00 00 00 00 00  |..FOO...........|
+0005f310  00 00 00 00 00 00 00 00  00 00 00 00 00 00 00 00  |................|
+*
+0005f400  00 05 46 4f 4f 0d 00 00  00 00 00 00 00 00 00 00  |..FOO...........|
+0005f410  00 00 00 00 00 00 00 00  00 00 00 00 00 00 00 00  |................|
+*
+0005f500  00 05 46 4f 4f 0d 00 00  00 00 00 00 00 00 00 00  |..FOO...........|
+0005f510  00 00 00 00 00 00 00 00  00 00 00 00 00 00 00 00  |................|
+*
+0005f600  00 05 46 4f 4f 0d 00 00  00 00 00 00 00 00 00 00  |..FOO...........|
+0005f610  00 00 00 00 00 00 00 00  00 00 00 00 00 00 00 00  |................|
+*
+0005f700  00 05 46 4f 4f 0d 00 00  00 00 00 00 00 00 00 00  |..FOO...........|
+0005f710  00 00 00 00 00 00 00 00  00 00 00 00 00 00 00 00  |................|
+*
+0005f800  00 05 46 4f 4f 0d 00 00  00 00 00 00 00 00 00 00  |..FOO...........|
+0005f810  00 00 00 00 00 00 00 00  00 00 00 00 00 00 00 00  |................|
 *
 0005f900  00 05 46 4f 4f 0d 00 00  00 00 00 00 00 00 00 00  |..FOO...........|
 0005f910  00 00 00 00 00 00 00 00  00 00 00 00 00 00 00 00  |................|
