--- /shouldbe_blk.d81.hex
+++ /blk.d81.hex
@@ -1,8 +1,7 @@
 00000000  00 00 00 00 00 00 00 00  00 00 00 00 00 00 00 00  |................|
 *
-0005f000  00 02 0d 00 56 49 43 45  a0 a0 a0 a0 a0 a0 a0 a0  |....VICE........|
-0005f010  a0 a0 a0 a0 a0 a0 30 31  a0 33 44 a0 a0 00 00 00  |......01.3D.....|
-0005f020  00 00 00 00 00 00 00 00  00 00 00 00 00 00 00 00  |................|
+0005f000  00 02 0d 00 00 00 00 00  00 00 00 00 00 00 00 00  |................|
+0005f010  00 00 00 00 00 00 00 00  00 00 00 00 00 00 00 00  |................|
 *
 00061800  28 03 44 00 56 49 43 45  a0 a0 a0 a0 a0 a0 a0 a0  |(.D.VICE........|
 00061810  a0 a0 a0 a0 a0 a0 30 31  a0 33 44 a0 a0 00 00 00  |......01.3D.....|
